Microchip MPLAB XC8 Compiler V2.35

Linker command line:

-W-3 --edf=C:\Program Files\Microchip\xc8\v2.35\pic\dat\en_msgs.txt -cn \
  -h+dist/default/production\Lab_8.X.production.sym \
  --cmf=dist/default/production\Lab_8.X.production.cmf -z -Q16F887 \
  -oC:\Users\javyp\AppData\Local\Temp\xcAscj0.4 --defsym=__MPLAB_BUILD=1 \
  -Mdist/default/production/Lab_8.X.production.map \
  --md=C:\Users\javyp\AppData\Local\Temp\xcAscj0.dat -E1 -ver=XC8 Compiler \
  --acfsm=1493 -ACODE=00h-07FFhx4 -ASTRCODE=00h-01FFFh -ASTRING=00h-0FFhx32 \
  -ACONST=00h-0FFhx32 -AENTRY=00h-0FFhx32 -ACOMMON=070h-07Fh \
  -ABANK0=020h-06Fh -ABANK1=0A0h-0EFh -ABANK2=0110h-016Fh \
  -ABANK3=0190h-01EFh -ARAM=020h-06Fh,0A0h-0EFh,0110h-016Fh,0190h-01EFh \
  -AABS1=020h-07Fh,0A0h-0EFh,0110h-016Fh,0190h-01EFh -ASFR0=00h-01Fh \
  -ASFR1=080h-09Fh -ASFR2=0100h-010Fh -ASFR3=0180h-018Fh \
  -ACONFIG=02007h-02008h -DCONFIG=2 -AIDLOC=02000h-02003h -DIDLOC=2 \
  -AEEDATA=00h-0FFh/02100h -peeprom_data=EEDATA -DEEDATA=2 -DCODE=2 \
  -DSTRCODE=2 -DSTRING=2 -DCONST=2 -DENTRY=2 \
  -preset_vec=00h,intentry=04h,init,end_init -ppowerup=CODE -pcinit=CODE \
  -pfunctab=ENTRY -k C:\Users\javyp\AppData\Local\Temp\xcAscj0.o \
  dist/default/production\Lab_8.X.production.o 

Object code version is 3.11

Machine type is 16F887



                Name                               Link     Load   Length Selector   Space Scale
C:\Users\javyp\AppData\Local\Temp\xcAscj0.o
                end_init                             10       10        3        8       0
                reset_vec                             0        0        3        0       0
                config                             2007     2007        2        0       4
                idloc                              2000     2000        4        0       5
dist/default/production\Lab_8.X.production.o
                cinit                                13       13       1E        8       0
                intentry                              4        4        C        8       0
                config                             2007     2007        2        0       4
                idloc                              2000     2000        4        0       5
                text6                               130      130       69        8       0
                text5                               21D      21D       25        8       0
                text4                                C2       C2       6E        8       0
                text3                               242      242       19        8       0
                text2                                31       31       91        8       0
                text1                               199      199       52        8       0
                maintext                            1EB      1EB       32        8       0
                cstackBANK0                          20       20       11       20       1
                cstackCOMMON                         70       70        B       70       1
                inittext                            25B      25B       13        8       0
                dataBANK0                            31       31        A       20       1
                bssBANK0                             3B       3B        9       20       1
                bssCOMMON                            7B       7B        3       70       1
                idataBANK0                          26E      26E        A        8       0

TOTAL           Name                               Link     Load   Length     Space
        CLASS   CODE           
                end_init                             10       10        3         0
                cinit                                13       13       1E         0
                intentry                              4        4        C         0
                reset_vec                             0        0        3         0
                text6                               130      130       69         0
                text5                               21D      21D       25         0
                text4                                C2       C2       6E         0
                text3                               242      242       19         0
                text2                                31       31       91         0
                text1                               199      199       52         0
                maintext                            1EB      1EB       32         0
                inittext                            25B      25B       13         0
                idataBANK0                          26E      26E        A         0

        CLASS   STRCODE        

        CLASS   STRING         

        CLASS   CONST          

        CLASS   ENTRY          

        CLASS   COMMON         
                cstackCOMMON                         70       70        B         1
                bssCOMMON                            7B       7B        3         1

        CLASS   BANK0          
                cstackBANK0                          20       20       11         1
                dataBANK0                            31       31        A         1
                bssBANK0                             3B       3B        9         1

        CLASS   BANK1          

        CLASS   BANK2          

        CLASS   BANK3          

        CLASS   RAM            

        CLASS   ABS1           
                abs_s1                               7E       7E        2         1

        CLASS   SFR0           

        CLASS   SFR1           

        CLASS   SFR2           

        CLASS   SFR3           

        CLASS   CONFIG         
                config                             2007     2007        2         4

        CLASS   IDLOC          
                idloc                              2000     2000        4         5

        CLASS   EEDATA         

        CLASS   STACK          



SEGMENTS        Name                           Load    Length   Top    Selector   Space  Class     Delta

                reset_vec                      000000  000003  000003         0       0  CODE        2
                intentry                       000004  000274  000278         8       0  CODE        2
                cstackBANK0                    000020  000024  000044        20       1  BANK0       1
                cstackCOMMON                   000070  00000E  00007E        70       1  COMMON      1


UNUSED ADDRESS RANGES

        Name                Unused          Largest block    Delta
        BANK0            0044-006F             2C           1
        BANK1            00A0-00EF             50           1
        BANK2            0110-016F             60           1
        BANK3            0190-01EF             60           1
        CODE             0003-0003              1           2
                         0278-1FFF            800
        CONST            0003-0003              1           2
                         0278-1FFF            100
        EEDATA           2100-21FF            100           2
        ENTRY            0003-0003              1           2
                         0278-1FFF            100
        RAM              0044-006F             2C           1
                         00A0-00EF             50
                         0110-016F             60
                         0190-01EF             60
        SFR0             0000-001F             20           1
        SFR1             0080-009F             20           1
        SFR2             0100-010F             10           1
        SFR3             0180-018F             10           1
        STRCODE          0003-0003              1           2
                         0278-1FFF           1D88
        STRING           0003-0003              1           2
                         0278-1FFF            100

                                  Symbol Table

?___awdiv                cstackCOMMON 0076
?___wmul                 cstackCOMMON 0070
_ADCON0bits              (abs)        001F
_ADCON1bits              (abs)        009F
_ADRESH                  (abs)        001E
_ANSEL                   (abs)        0188
_ANSELH                  (abs)        0189
_INTCONbits              (abs)        000B
_OPTION_REGbits          (abs)        0081
_OSCCONbits              (abs)        008F
_PIE1bits                (abs)        008C
_PIR1bits                (abs)        000C
_PORTA                   (abs)        0005
_PORTC                   (abs)        0007
_PORTD                   (abs)        0008
_PORTE                   (abs)        0009
_TMR0                    (abs)        0001
_TRISA                   (abs)        0085
_TRISC                   (abs)        0087
_TRISD                   (abs)        0088
_TRISE                   (abs)        0089
__Habs1                  abs1         0000
__Hbank0                 bank0        0000
__Hbank1                 bank1        0000
__Hbank2                 bank2        0000
__Hbank3                 bank3        0000
__HbssBANK0              bssBANK0     0000
__HbssCOMMON             bssCOMMON    0000
__Hcinit                 cinit        0031
__Hclrtext               clrtext      0000
__Hcode                  code         0000
__Hcommon                common       0000
__Hconfig                config       2009
__HcstackBANK0           cstackBANK0  0000
__HcstackCOMMON          cstackCOMMON 0000
__HdataBANK0             dataBANK0    0000
__Heeprom_data           eeprom_data  0000
__Hend_init              end_init     0013
__Hfunctab               functab      0000
__HidataBANK0            idataBANK0   0000
__Hidloc                 idloc        2004
__Hinit                  init         0010
__Hinittext              inittext     0000
__Hintentry              intentry     0010
__Hmaintext              maintext     0000
__Hpowerup               powerup      0000
__Hram                   ram          0000
__Hreset_vec             reset_vec    0003
__Hsfr0                  sfr0         0000
__Hsfr1                  sfr1         0000
__Hsfr2                  sfr2         0000
__Hsfr3                  sfr3         0000
__Hspace_0               (abs)        0278
__Hspace_1               (abs)        007E
__Hspace_2               (abs)        0000
__Hspace_3               (abs)        0000
__Hspace_4               (abs)        4010
__Hstack                 stack        0000
__Hstrings               strings      0000
__Htext                  text         0000
__Labs1                  abs1         0000
__Lbank0                 bank0        0000
__Lbank1                 bank1        0000
__Lbank2                 bank2        0000
__Lbank3                 bank3        0000
__LbssBANK0              bssBANK0     0000
__LbssCOMMON             bssCOMMON    0000
__Lcinit                 cinit        0013
__Lclrtext               clrtext      0000
__Lcode                  code         0000
__Lcommon                common       0000
__Lconfig                config       0000
__LcstackBANK0           cstackBANK0  0000
__LcstackCOMMON          cstackCOMMON 0000
__LdataBANK0             dataBANK0    0000
__Leeprom_data           eeprom_data  0000
__Lend_init              end_init     0010
__Lfunctab               functab      0000
__LidataBANK0            idataBANK0   0000
__Lidloc                 idloc        0000
__Linit                  init         0010
__Linittext              inittext     0000
__Lintentry              intentry     0004
__Lmaintext              maintext     0000
__Lpowerup               powerup      0000
__Lram                   ram          0000
__Lreset_vec             reset_vec    0000
__Lsfr0                  sfr0         0000
__Lsfr1                  sfr1         0000
__Lsfr2                  sfr2         0000
__Lsfr3                  sfr3         0000
__Lspace_0               (abs)        0000
__Lspace_1               (abs)        0000
__Lspace_2               (abs)        0000
__Lspace_3               (abs)        0000
__Lspace_4               (abs)        0000
__Lstack                 stack        0000
__Lstrings               strings      0000
__Ltext                  text         0000
__S0                     (abs)        0278
__S1                     (abs)        007E
__S3                     (abs)        0000
___awdiv                 text6        0130
___awdiv@counter         cstackBANK0  0020
___awdiv@dividend        cstackCOMMON 0078
___awdiv@divisor         cstackCOMMON 0076
___awdiv@quotient        cstackBANK0  0022
___awdiv@sign            cstackBANK0  0021
___int_sp                stack        0000
___latbits               (abs)        0002
___sp                    stack        0000
___stackhi               (abs)        0000
___stacklo               (abs)        0000
___wmul                  text5        021D
___wmul@multiplicand     cstackCOMMON 0072
___wmul@multiplier       cstackCOMMON 0070
___wmul@product          cstackCOMMON 0074
__end_of___awdiv         text6        0199
__end_of___wmul          text5        0242
__end_of__initialization cinit        002D
__end_of_division        text4        0130
__end_of_isr             text2        00C2
__end_of_main            maintext     021D
__end_of_set_displays    text3        025B
__end_of_setup           text1        01EB
__initialization         cinit        0013
__pbssBANK0              bssBANK0     003B
__pbssCOMMON             bssCOMMON    007B
__pcstackBANK0           cstackBANK0  0020
__pcstackCOMMON          cstackCOMMON 0070
__pdataBANK0             dataBANK0    0031
__pidataBANK0            idataBANK0   026E
__pintentry              intentry     0004
__pmaintext              maintext     01EB
__ptext1                 text1        0199
__ptext2                 text2        0031
__ptext3                 text3        0242
__ptext4                 text4        00C2
__ptext5                 text5        021D
__ptext6                 text6        0130
_banderas                bssCOMMON    007D
_conv                    bssCOMMON    007B
_division                text4        00C2
_isr                     text2        0031
_main                    maintext     01EB
_set_displays            text3        0242
_setup                   text1        0199
_tabla_7seg              dataBANK0    0031
_val_disp                bssBANK0     0041
_val_div                 bssBANK0     003B
btemp                    (abs)        007E
division@CONTEO          cstackBANK0  0024
end_of_initialization    cinit        002D
init_fetch0              inittext     025B
init_ram0                inittext     025F
interrupt_function       intentry     0004
intlevel0                functab      0000
intlevel1                functab      0000
intlevel2                functab      0000
intlevel3                functab      0000
intlevel4                functab      0000
intlevel5                functab      0000
reset_vec                reset_vec    0000
saved_w                  (abs)        007E
set_displays@CONTEO_C    cstackCOMMON 0074
set_displays@CONTEO_D    cstackCOMMON 0072
set_displays@CONTEO_U    cstackCOMMON 0070
start                    init         0010
start_initialization     cinit        0013
wtemp0                   (abs)        007E


MODULE INFORMATION

Module		Function		Class		Link	Load	Size
main_postLab.c
		_set_displays  		CODE           	0242	0000	25
		_main          		CODE           	01EB	0000	50
		_isr           		CODE           	0031	0000	145
		_division      		CODE           	00C2	0000	110
		_setup         		CODE           	0199	0000	82

main_postLab.c estimated size: 412

C:\Program Files\Microchip\xc8\v2.35\pic\sources\c90\common\awdiv.c
		___awdiv       		CODE           	0130	0000	105

C:\Program Files\Microchip\xc8\v2.35\pic\sources\c90\common\awdiv.c estimated size: 105

shared
		__initialization		CODE           	0013	0000	26

shared estimated size: 26

C:\Program Files\Microchip\xc8\v2.35\pic\sources\c90\common\Umul16.c
		___wmul        		CODE           	021D	0000	37

C:\Program Files\Microchip\xc8\v2.35\pic\sources\c90\common\Umul16.c estimated size: 37

